---
source: tui/tests/snapshots.rs
expression: rendered
---
▶ test · 0 tokens
  Spectrum Design Data  v0.3.0
  ↑↓ history/list · Tab complete · Enter run · Esc back · Ctrl+C quit
  ──────────────────────────────────────────────────────────────────────────────
  >
    query      Filter tokens  e.g. background-color/*
    resolve    Resolve a property through the cascade
    describe   Inspect a component schema
    validate   Validate all tokens against schemas
    new        Open the token authoring wizard
    name       Open the token naming wizard
    find       Open the fuzzy-find token explorer
    authoring  Open the token lifecycle action-picker
    quit       Quit the TUI
